// Jest Snapshot v1, https://goo.gl/fbAQLP

exports[`HamburgerIcon renders correctly 1`] = `
<svg
  fill="none"
  height="1em"
  preserveAspectRatio="xMidYMid"
  viewBox="0 0 25 25"
  width="1em"
  xmlns="http://www.w3.org/2000/svg"
>
  <path
    d="M5 7.5H20"
    stroke="currentColor"
    style={
      Object {
        "vectorEffect": "non-scaling-stroke",
      }
    }
  />
  <path
    d="M5 12.5H20"
    stroke="currentColor"
    style={
      Object {
        "vectorEffect": "non-scaling-stroke",
      }
    }
  />
  <path
    d="M5 17.5H20"
    stroke="currentColor"
    style={
      Object {
        "vectorEffect": "non-scaling-stroke",
      }
    }
  />
</svg>
`;
